
> resonate-iq@0.1.0 build
> next build

Γû▓ Next.js 16.1.2 (Turbopack)
- Environments: .env.local

  Creating an optimized production build ...
